--------------------------------------------------------------------------------
                                 REVENUE REPORT
--------------------------------------------------------------------------------
--------------------------------------------------------------------------------
NUM ROW  ID      NAME                PHONE               Price 
--------------------------------------------------------------------------------
 (1,1)   137     Jacob Gibson        (361)-584-7823      50    
 (1,2)   137     Jacob Gibson        (361)-584-7823      50    
 (1,3)   137     Jacob Gibson        (361)-584-7823      50    
 (2,1)   137     Jacob Gibson        (361)-584-7823      50    
 (2,2)   137     Jacob Gibson        (361)-584-7823      50    
 (2,3)   137     Jacob Gibson        (361)-584-7823      50    
 (3,1)   137     Jacob Gibson        (361)-584-7823      50    
 (3,2)   137     Jacob Gibson        (361)-584-7823      50    
 (3,3)   137     Jacob Gibson        (361)-584-7823      50    
 (4,4)   157     Doc Smith           (555)-483-2197      50    
 (4,5)   157     Doc Smith           (555)-483-2197      50    
 (4,6)   157     Doc Smith           (555)-483-2197      50    
 (5,4)   157     Doc Smith           (555)-483-2197      35    
 (5,5)   157     Doc Smith           (555)-483-2197      35    
 (5,6)   157     Doc Smith           (555)-483-2197      35    
 (6,4)   157     Doc Smith           (555)-483-2197      35    
 (6,5)   157     Doc Smith           (555)-483-2197      35    
 (6,6)   157     Doc Smith           (555)-483-2197      35    
 (8,9)   151     Marty McFly         (555)-483-2976      35    
 (9,13)   128     Buzz Lightyear      (210)-487-9428      25    
--------------------------------------------------------------------------------
TOTAL: $870

--------------------------------------------------------------------------------
