--------------------------------------------------------------------------------
                                 REVENUE REPORT
--------------------------------------------------------------------------------
--------------------------------------------------------------------------------
NUM ROW  ID      NAME                PHONE               Price 
--------------------------------------------------------------------------------
 (1,1)   135     Jacob Gibson        361443844           50    
 (1,2)   135     Jacob Gibson        361443844           50    
 (1,3)   135     Jacob Gibson        361443844           50    
 (1,4)   135     Jacob Gibson        361443844           50    
 (1,5)   135     Jacob Gibson        361443844           50    
 (1,6)   135     Jacob Gibson        361443844           50    
 (1,7)   135     Jacob Gibson        361443844           50    
 (1,8)   135     Jacob Gibson        361443844           50    
 (1,9)   135     Jacob Gibson        361443844           50    
 (1,10)   135     Jacob Gibson        361443844           50    
 (1,11)   135     Jacob Gibson        361443844           50    
 (1,12)   135     Jacob Gibson        361443844           50    
 (1,13)   135     Jacob Gibson        361443844           50    
 (1,14)   135     Jacob Gibson        361443844           50    
 (1,15)   135     Jacob Gibson        361443844           50    
 (1,16)   135     Jacob Gibson        361443844           50    
 (2,1)   135     Jacob Gibson        361443844           50    
 (2,2)   135     Jacob Gibson        361443844           50    
 (2,3)   135     Jacob Gibson        361443844           50    
 (2,4)   135     Jacob Gibson        361443844           50    
 (2,5)   135     Jacob Gibson        361443844           50    
 (2,6)   135     Jacob Gibson        361443844           50    
 (2,7)   135     Jacob Gibson        361443844           50    
 (2,8)   135     Jacob Gibson        361443844           50    
 (2,9)   135     Jacob Gibson        361443844           50    
 (2,10)   135     Jacob Gibson        361443844           50    
 (2,11)   135     Jacob Gibson        361443844           50    
 (2,12)   135     Jacob Gibson        361443844           50    
 (2,13)   135     Jacob Gibson        361443844           50    
 (2,14)   135     Jacob Gibson        361443844           50    
 (2,15)   135     Jacob Gibson        361443844           50    
 (2,16)   135     Jacob Gibson        361443844           50    
 (3,1)   135     Jacob Gibson        361443844           50    
 (3,2)   135     Jacob Gibson        361443844           50    
 (3,3)   135     Jacob Gibson        361443844           50    
 (3,4)   135     Jacob Gibson        361443844           50    
 (3,5)   135     Jacob Gibson        361443844           50    
 (3,6)   135     Jacob Gibson        361443844           50    
 (3,7)   135     Jacob Gibson        361443844           50    
 (3,8)   135     Jacob Gibson        361443844           50    
 (3,9)   135     Jacob Gibson        361443844           50    
 (3,10)   135     Jacob Gibson        361443844           50    
 (3,11)   135     Jacob Gibson        361443844           50    
 (3,12)   135     Jacob Gibson        361443844           50    
 (3,13)   135     Jacob Gibson        361443844           50    
 (3,14)   135     Jacob Gibson        361443844           50    
 (3,15)   135     Jacob Gibson        361443844           50    
 (3,16)   135     Jacob Gibson        361443844           50    
 (4,1)   135     Jacob Gibson        361443844           50    
 (4,2)   135     Jacob Gibson        361443844           50    
 (4,3)   135     Jacob Gibson        361443844           50    
 (4,4)   135     Jacob Gibson        361443844           50    
 (4,5)   135     Jacob Gibson        361443844           50    
 (4,6)   135     Jacob Gibson        361443844           50    
 (4,7)   135     Jacob Gibson        361443844           50    
 (4,8)   135     Jacob Gibson        361443844           50    
 (4,9)   135     Jacob Gibson        361443844           50    
 (4,10)   135     Jacob Gibson        361443844           50    
 (4,11)   135     Jacob Gibson        361443844           50    
 (4,12)   135     Jacob Gibson        361443844           50    
 (4,13)   135     Jacob Gibson        361443844           50    
 (4,14)   135     Jacob Gibson        361443844           50    
 (4,15)   135     Jacob Gibson        361443844           50    
 (4,16)   135     Jacob Gibson        361443844           50    
 (5,1)   135     Jacob Gibson        361443844           35    
 (5,2)   135     Jacob Gibson        361443844           35    
 (5,3)   135     Jacob Gibson        361443844           35    
 (5,4)   135     Jacob Gibson        361443844           35    
 (5,5)   135     Jacob Gibson        361443844           35    
 (5,6)   135     Jacob Gibson        361443844           35    
 (5,7)   135     Jacob Gibson        361443844           35    
 (5,8)   135     Jacob Gibson        361443844           35    
 (5,9)   135     Jacob Gibson        361443844           35    
 (5,10)   135     Jacob Gibson        361443844           35    
 (5,11)   135     Jacob Gibson        361443844           35    
 (5,12)   135     Jacob Gibson        361443844           35    
 (5,13)   135     Jacob Gibson        361443844           35    
 (5,14)   135     Jacob Gibson        361443844           35    
 (5,15)   135     Jacob Gibson        361443844           35    
 (5,16)   135     Jacob Gibson        361443844           35    
 (6,1)   135     Jacob Gibson        361443844           35    
 (6,2)   135     Jacob Gibson        361443844           35    
 (6,3)   135     Jacob Gibson        361443844           35    
 (6,4)   135     Jacob Gibson        361443844           35    
 (6,5)   135     Jacob Gibson        361443844           35    
 (6,6)   135     Jacob Gibson        361443844           35    
 (6,7)   135     Jacob Gibson        361443844           35    
 (6,8)   135     Jacob Gibson        361443844           35    
 (6,9)   135     Jacob Gibson        361443844           35    
 (6,10)   135     Jacob Gibson        361443844           35    
 (6,11)   135     Jacob Gibson        361443844           35    
 (6,12)   135     Jacob Gibson        361443844           35    
 (6,13)   135     Jacob Gibson        361443844           35    
 (6,14)   135     Jacob Gibson        361443844           35    
 (6,15)   135     Jacob Gibson        361443844           35    
 (6,16)   135     Jacob Gibson        361443844           35    
 (7,1)   135     Jacob Gibson        361443844           35    
 (7,2)   135     Jacob Gibson        361443844           35    
 (7,3)   135     Jacob Gibson        361443844           35    
 (7,4)   135     Jacob Gibson        361443844           35    
 (7,5)   135     Jacob Gibson        361443844           35    
 (7,6)   135     Jacob Gibson        361443844           35    
 (7,7)   135     Jacob Gibson        361443844           35    
 (7,8)   135     Jacob Gibson        361443844           35    
 (7,9)   135     Jacob Gibson        361443844           35    
 (7,10)   135     Jacob Gibson        361443844           35    
 (7,11)   135     Jacob Gibson        361443844           35    
 (7,12)   135     Jacob Gibson        361443844           35    
 (7,13)   135     Jacob Gibson        361443844           35    
 (7,14)   135     Jacob Gibson        361443844           35    
 (7,15)   135     Jacob Gibson        361443844           35    
 (7,16)   135     Jacob Gibson        361443844           35    
 (8,1)   135     Jacob Gibson        361443844           35    
 (8,2)   135     Jacob Gibson        361443844           35    
 (8,3)   135     Jacob Gibson        361443844           35    
 (8,4)   135     Jacob Gibson        361443844           35    
 (8,5)   135     Jacob Gibson        361443844           35    
 (8,6)   135     Jacob Gibson        361443844           35    
 (8,7)   135     Jacob Gibson        361443844           35    
 (8,8)   135     Jacob Gibson        361443844           35    
 (8,9)   135     Jacob Gibson        361443844           35    
 (8,10)   135     Jacob Gibson        361443844           35    
 (8,11)   135     Jacob Gibson        361443844           35    
 (8,12)   135     Jacob Gibson        361443844           35    
 (8,13)   135     Jacob Gibson        361443844           35    
 (8,14)   135     Jacob Gibson        361443844           35    
 (8,15)   135     Jacob Gibson        361443844           35    
 (8,16)   135     Jacob Gibson        361443844           35    
 (9,1)   135     Jacob Gibson        361443844           25    
 (9,2)   135     Jacob Gibson        361443844           25    
 (9,3)   135     Jacob Gibson        361443844           25    
 (9,4)   135     Jacob Gibson        361443844           25    
 (9,5)   135     Jacob Gibson        361443844           25    
 (9,6)   135     Jacob Gibson        361443844           25    
 (9,7)   135     Jacob Gibson        361443844           25    
 (9,8)   135     Jacob Gibson        361443844           25    
 (9,9)   135     Jacob Gibson        361443844           25    
 (9,10)   135     Jacob Gibson        361443844           25    
 (9,11)   135     Jacob Gibson        361443844           25    
 (9,12)   135     Jacob Gibson        361443844           25    
 (9,13)   135     Jacob Gibson        361443844           25    
 (9,14)   135     Jacob Gibson        361443844           25    
 (9,15)   135     Jacob Gibson        361443844           25    
 (9,16)   135     Jacob Gibson        361443844           25    
 (10,1)   135     Jacob Gibson        361443844           25    
 (10,2)   135     Jacob Gibson        361443844           25    
 (10,3)   135     Jacob Gibson        361443844           25    
 (10,4)   135     Jacob Gibson        361443844           25    
 (10,5)   135     Jacob Gibson        361443844           25    
 (10,6)   135     Jacob Gibson        361443844           25    
 (10,7)   135     Jacob Gibson        361443844           25    
 (10,8)   135     Jacob Gibson        361443844           25    
 (10,9)   135     Jacob Gibson        361443844           25    
 (10,10)   135     Jacob Gibson        361443844           25    
 (10,11)   135     Jacob Gibson        361443844           25    
 (10,12)   135     Jacob Gibson        361443844           25    
 (10,13)   135     Jacob Gibson        361443844           25    
 (10,14)   135     Jacob Gibson        361443844           25    
 (10,15)   135     Jacob Gibson        361443844           25    
 (10,16)   135     Jacob Gibson        361443844           25    
--------------------------------------------------------------------------------
TOTAL: $6240

--------------------------------------------------------------------------------
